[debug] [2026-08-22T01:15:05.665Z] ----------------------------------------------------------------------
[debug] [2026-08-22T01:15:05.692Z] Command:       /usr/local/bin/node /usr/local/bin/firebase deploy --only hosting:remote-order --project glassnframeshop-69ed3
[debug] [2026-08-22T01:15:05.692Z] CLI Version:   15.15.0
[debug] [2026-08-22T01:15:05.692Z] Platform:      darwin
[debug] [2026-08-22T01:15:05.692Z] Node Version:  v24.13.0
[debug] [2026-08-22T01:15:05.692Z] Time:          Sat Aug 22 2026 09:15:05 GMT+0800 (Taiwan Standard Time)
[debug] [2026-08-22T01:15:05.692Z] ----------------------------------------------------------------------
[debug] 
[debug] [2026-08-22T01:15:10.233Z] > command requires scopes: ["email","openid","https://www.googleapis.com/auth/cloudplatformprojects.readonly","https://www.googleapis.com/auth/firebase","https://www.googleapis.com/auth/cloud-platform"]
[debug] [2026-08-22T01:15:10.236Z] > authorizing via signed-in user (mattlin@himalayasoft.xyz)
[debug] [2026-08-22T01:15:10.236Z] [iam] checking project glassnframeshop-69ed3 for permissions ["firebase.projects.get","firebasehosting.sites.update"]
[debug] [2026-08-22T01:15:10.239Z] Checked if tokens are valid: true, expires at: 1787363990838
[debug] [2026-08-22T01:15:10.239Z] Checked if tokens are valid: true, expires at: 1787363990838
[debug] [2026-08-22T01:15:10.240Z] >>> [apiv2][query] POST https://cloudresourcemanager.googleapis.com/v1/projects/glassnframeshop-69ed3:testIamPermissions [none]
[debug] [2026-08-22T01:15:10.240Z] >>> [apiv2][(partial)header] POST https://cloudresourcemanager.googleapis.com/v1/projects/glassnframeshop-69ed3:testIamPermissions  x-goog-user-project=glassnframeshop-69ed3
[debug] [2026-08-22T01:15:10.240Z] >>> [apiv2][body] POST https://cloudresourcemanager.googleapis.com/v1/projects/glassnframeshop-69ed3:testIamPermissions {"permissions":["firebase.projects.get","firebasehosting.sites.update"]}
[debug] [2026-08-22T01:15:11.565Z] <<< [apiv2][status] POST https://cloudresourcemanager.googleapis.com/v1/projects/glassnframeshop-69ed3:testIamPermissions 200
[debug] [2026-08-22T01:15:11.567Z] <<< [apiv2][body] POST https://cloudresourcemanager.googleapis.com/v1/projects/glassnframeshop-69ed3:testIamPermissions {"permissions":["firebase.projects.get","firebasehosting.sites.update"]}
[debug] [2026-08-22T01:15:11.569Z] Checked if tokens are valid: true, expires at: 1787363990838
[debug] [2026-08-22T01:15:11.569Z] Checked if tokens are valid: true, expires at: 1787363990838
[debug] [2026-08-22T01:15:11.572Z] >>> [apiv2][query] GET https://firebase.googleapis.com/v1beta1/projects/glassnframeshop-69ed3 [none]
[debug] [2026-08-22T01:15:11.996Z] <<< [apiv2][status] GET https://firebase.googleapis.com/v1beta1/projects/glassnframeshop-69ed3 200
[debug] [2026-08-22T01:15:12.001Z] <<< [apiv2][body] GET https://firebase.googleapis.com/v1beta1/projects/glassnframeshop-69ed3 {"projectId":"glassnframeshop-69ed3","projectNumber":"482079741280","displayName":"glassnframeshop","name":"projects/glassnframeshop-69ed3","resources":{"hostingSite":"glassnframeshop-69ed3"},"state":"ACTIVE","labels":{"firebase":"enabled"},"etag":"1_f0dcabfe-11f7-465d-a07f-e9ece7f352a5"}
[info] 
[info] === Deploying to 'glassnframeshop-69ed3'...
[info] 
[info] i  deploying hosting 
[debug] [2026-08-22T01:15:12.059Z] Checked if tokens are valid: true, expires at: 1787363990838
[debug] [2026-08-22T01:15:12.059Z] Checked if tokens are valid: true, expires at: 1787363990838
[debug] [2026-08-22T01:15:12.059Z] >>> [apiv2][query] POST https://firebasehosting.googleapis.com/v1beta1/projects/-/sites/remote-order/versions [none]
[debug] [2026-08-22T01:15:12.060Z] >>> [apiv2][body] POST https://firebasehosting.googleapis.com/v1beta1/projects/-/sites/remote-order/versions {"status":"CREATED","labels":{"deployment-tool":"cli-firebase"}}
